// Jest Snapshot v1, https://goo.gl/fbAQLP

exports[`Citys component Citys changes the class when hovered 1`] = `
<div
  className="form-group"
>
  <label>
    Escolha a cidade
  </label>
  <select
    className="form-control"
    onChange={[Function]}
  >
    <option
      select="true"
      value=""
    >
      Selecione uma cidade...
    </option>
    <option
      value="1"
    >
      SÃ£o Paulo
    </option>
    <option
      value="2"
    >
      Rio de Janeiro
    </option>
  </select>
</div>
`;
